     1                                  ; =============================================================================
     2                                  ; ForeB - Forest Bootloader  Stage 3
     3                                  ; stage3.asm - 32-bit protected-mode ELF loader + multiboot1 handoff
     4                                  ; =============================================================================
     5                                  ; Build:
     6                                  ;   nasm -f bin -o stage3.bin stage3.asm
     7                                  ;
     8                                  ; Loaded by stage2 at physical address STAGE3_LOAD_PHYS (0x5000), 16 sectors.
     9                                  ; Entered in 32-bit protected mode with flat segments (DS=ES=SS=0x10, base 0,
    10                                  ; limit 4 GB) by stage2's .pm32 trampoline, which passes:
    11                                  ;   ESI = physical address of foreboots_boot_info
    12                                  ;   EDI = physical address of multiboot_info_t (kernel handoff struct)
    13                                  ;
    14                                  ; Stage 3 responsibilities:
    15                                  ;   1. Parse the kernel ELF (ELF32 or ELF64) loaded at boot_info.kernel_load_addr
    16                                  ;   2. Copy each PT_LOAD segment to its physical address (p_paddr), zero-fill
    17                                  ;      the BSS (p_memsz - p_filesz)
    18                                  ;   3. Record the ELF entry point and ELF class in boot_info
    19                                  ;   4. Hand off to the kernel EXACTLY as GRUB does:
    20                                  ;        EAX = 0x2BADB002 (MULTIBOOT1_MAGIC)
    21                                  ;        EBX = &multiboot_info_t
    22                                  ;        EIP = kernel ELF entry
    23                                  ;      The Forest OS kernel enters in 32-bit PM (even the 64-bit kernel does
    24                                  ;      its own long-mode transition in src/boot64.asm), so this is the default
    25                                  ;      and correct path for both ARCH=32 and ARCH=64.
    26                                  ;   5. Optional long-mode trampoline (FOREB_FORCE_LONG_MODE=1): if the CPU
    27                                  ;      supports long mode and the kernel is ELF64, set up paging/PAE/long-mode
    28                                  ;      and jump to the 64-bit entry. Disabled by default (current kernel does
    29                                  ;      its own transition). Falls back to 32-bit PM entry if unavailable.
    30                                  ; =============================================================================
    31                                  
    32                                  [BITS 32]
    33                                  
    34                                  %include "config.h"
     1                              <1> ; =============================================================================
     2                              <1> ; ForeB - Forest Bootloader
     3                              <1> ; config.h (NASM include) - Boot Configuration Constants & Struct Layouts
     4                              <1> ; =============================================================================
     5                              <1> ; Included by stage1.asm, stage2.asm, stage3.asm via %include.
     6                              <1> ;
     7                              <1> ; Every tunable below is wrapped in %ifndef so the main build can override it
     8                              <1> ; on the NASM command line with -D, e.g.:
     9                              <1> ;     nasm -f bin -DFOREBO_DEFAULT_WIDTH=1280 -DFOREBO_DEFAULT_HEIGHT=720 ...
    10                              <1> ;
    11                              <1> ; All addresses are PHYSICAL (real-mode / flat PM) unless noted.
    12                              <1> ; =============================================================================
    13                              <1> 
    14                              <1> %ifndef FOREB_CONFIG_H
    15                              <1> %define FOREB_CONFIG_H
    16                              <1> 
    17                              <1> ; -----------------------------------------------------------------------------
    18                              <1> ; ForeB version
    19                              <1> ; -----------------------------------------------------------------------------
    20                              <1> %ifndef FOREB_VERSION_MAJOR
    21                              <1> %define FOREB_VERSION_MAJOR    2
    22                              <1> %endif
    23                              <1> %ifndef FOREB_VERSION_MINOR
    24                              <1> %define FOREB_VERSION_MINOR    0
    25                              <1> %endif
    26                              <1> 
    27                              <1> ; -----------------------------------------------------------------------------
    28                              <1> ; Disk Layout (LBA sectors, 512 bytes each)
    29                              <1> ; -----------------------------------------------------------------------------
    30                              <1> ;   Sector  0          : Stage 1 (MBR, 512 bytes + partition table + 0xAA55)
    31                              <1> ;   Sectors 1..16      : Stage 2  (16 sectors = 8192 bytes, real-mode GUI/BIOS)
    32                              <1> ;   Sectors 17..32     : Stage 3  (16 sectors = 8192 bytes, PM/long-mode trampoline)
    33                              <1> ;   Sector  48+        : Kernel ELF image (raw file, parsed by stage3)
    34                              <1> ;   Sector  (48+K)..   : Optional initrd (if FOREB_INITRD_START_SECTOR != 0)
    35                              <1> %ifndef STAGE2_START_SECTOR
    36                              <1> %define STAGE2_START_SECTOR    1
    37                              <1> %endif
    38                              <1> %ifndef STAGE2_SECTOR_COUNT
    39                              <1> %define STAGE2_SECTOR_COUNT    16
    40                              <1> %endif
    41                              <1> %ifndef STAGE2_LOAD_SEG
    42                              <1> %define STAGE2_LOAD_SEG        0x0800      ; physical 0x8000
    43                              <1> %endif
    44                              <1> %ifndef STAGE2_LOAD_OFF
    45                              <1> %define STAGE2_LOAD_OFF        0x0000
    46                              <1> %endif
    47                              <1> 
    48                              <1> %ifndef STAGE3_START_SECTOR
    49                              <1> %define STAGE3_START_SECTOR    17
    50                              <1> %endif
    51                              <1> %ifndef STAGE3_SECTOR_COUNT
    52                              <1> %define STAGE3_SECTOR_COUNT    16
    53                              <1> %endif
    54                              <1> %ifndef STAGE3_LOAD_SEG
    55                              <1> %define STAGE3_LOAD_SEG        0x0500      ; physical 0x5000
    56                              <1> %endif
    57                              <1> %ifndef STAGE3_LOAD_OFF
    58                              <1> %define STAGE3_LOAD_OFF        0x0000
    59                              <1> %endif
    60                              <1> %define STAGE3_LOAD_PHYS       (STAGE3_LOAD_SEG * 16 + STAGE3_LOAD_OFF)
    61                              <1> 
    62                              <1> %ifndef KERNEL_START_SECTOR
    63                              <1> %define KERNEL_START_SECTOR    48
    64                              <1> %endif
    65                              <1> %ifndef KERNEL_LOAD_SEG
    66                              <1> %define KERNEL_LOAD_SEG        0x1000      ; physical 0x10000 (ELF file buffer)
    67                              <1> %endif
    68                              <1> %ifndef KERNEL_LOAD_OFF
    69                              <1> %define KERNEL_LOAD_OFF        0x0000
    70                              <1> %endif
    71                              <1> %define KERNEL_LOAD_PHYS       (KERNEL_LOAD_SEG * 16 + KERNEL_LOAD_OFF)
    72                              <1> %ifndef KERNEL_MAX_SECTORS
    73                              <1> %define KERNEL_MAX_SECTORS     512         ; (legacy) old whole-file load cap
    74                              <1> %endif
    75                              <1> %ifndef KERNEL_MAX_BYTES
    76                              <1> %define KERNEL_MAX_BYTES       (KERNEL_MAX_SECTORS * 512)
    77                              <1> %endif
    78                              <1> 
    79                              <1> ; ---------------------------------------------------------------------------
    80                              <1> ; Streaming kernel loader (stage2) — loads arbitrarily large kernels of any
    81                              <1> ; size directly to each PT_LOAD segment's physical address, GRUB-style, with
    82                              <1> ; no whole-file buffer. BIOS INT 13h can only DMA to real-mode-addressable
    83                              <1> ; low memory (<1 MiB), so segments are read into a low bounce buffer and then
    84                              <1> ; copied up to their (possibly >1 MiB) destinations via unreal mode (FS flat).
    85                              <1> ;
    86                              <1> ;   KERNEL_HDR_BUF      : low buffer holding the ELF header + program headers
    87                              <1> ;   KERNEL_HDR_SECTORS  : how many leading kernel sectors to slurp for headers
    88                              <1> ;   KERNEL_BOUNCE_BUF   : low buffer that each segment is streamed through
    89                              <1> ;   KERNEL_BOUNCE_SECTORS: sectors per INT 13h chunk (<=63 for a single call)
    90                              <1> ; Both buffers live in free conventional RAM (0x10000..0x27FFF, below 640 KiB)
    91                              <1> ; and never overlap stage2 (0x8000) / stage3 (0x5000) / boot_info (0x1000).
    92                              <1> ; ---------------------------------------------------------------------------
    93                              <1> %ifndef KERNEL_HDR_BUF
    94                              <1> %define KERNEL_HDR_BUF         0x00010000
    95                              <1> %endif
    96                              <1> %ifndef KERNEL_HDR_SECTORS
    97                              <1> %define KERNEL_HDR_SECTORS     32          ; 16 KiB of ELF header + phdr table
    98                              <1> %endif
    99                              <1> %ifndef KERNEL_BOUNCE_BUF
   100                              <1> %define KERNEL_BOUNCE_BUF      0x00020000
   101                              <1> %endif
   102                              <1> %ifndef KERNEL_BOUNCE_SECTORS
   103                              <1> %define KERNEL_BOUNCE_SECTORS  63          ; 31.5 KiB per disk read
   104                              <1> %endif
   105                              <1> 
   106                              <1> ; Optional initrd. Set to 0 to disable. If non-zero, stage2 loads it to
   107                              <1> ; INITRD_LOAD_PHYS and stage3 registers it as multiboot module 0.
   108                              <1> %ifndef FOREB_INITRD_START_SECTOR
   109                              <1> %define FOREB_INITRD_START_SECTOR 0
   110                              <1> %endif
   111                              <1> %ifndef INITRD_LOAD_SEG
   112                              <1> %define INITRD_LOAD_SEG        0x4000      ; physical 0x40000
   113                              <1> %endif
   114                              <1> %ifndef INITRD_LOAD_OFF
   115                              <1> %define INITRD_LOAD_OFF        0x0000
   116                              <1> %endif
   117                              <1> %define INITRD_LOAD_PHYS       (INITRD_LOAD_SEG * 16 + INITRD_LOAD_OFF)
   118                              <1> %ifndef INITRD_MAX_SECTORS
   119                              <1> %define INITRD_MAX_SECTORS     512
   120                              <1> %endif
   121                              <1> 
   122                              <1> ; GRUB chain-load sector (legacy fallback, 0 = disabled)
   123                              <1> %ifndef GRUB_CHAINLOAD_SECTOR
   124                              <1> %define GRUB_CHAINLOAD_SECTOR  0
   125                              <1> %endif
   126                              <1> 
   127                              <1> ; -----------------------------------------------------------------------------
   128                              <1> ; Boot menu tunables
   129                              <1> ; -----------------------------------------------------------------------------
   130                              <1> %ifndef FOREB_DEFAULT_TIMEOUT
   131                              <1> %define FOREB_DEFAULT_TIMEOUT  5           ; seconds before auto-boot
   132                              <1> %endif
   133                              <1> %ifndef FOREB_DEFAULT_ENTRY
   134                              <1> %define FOREB_DEFAULT_ENTRY    0           ; 0-based default selection
   135                              <1> %endif
   136                              <1> 
   137                              <1> ; Boot menu entries (indices)
   138                              <1> %define ENTRY_DEFAULT          0           ; Forest OS (default, best VBE)
   139                              <1> %define ENTRY_NOFB             1           ; Forest OS (text mode, no framebuffer)
   140                              <1> %define ENTRY_SAFE             2           ; Forest OS (safe mode)
   141                              <1> %define ENTRY_REBOOT           3           ; Reboot
   142                              <1> %define BOOT_ENTRY_COUNT       4
   143                              <1> 
   144                              <1> ; -----------------------------------------------------------------------------
   145                              <1> ; VBE / video tunables
   146                              <1> ; -----------------------------------------------------------------------------
   147                              <1> ; Preferred mode. stage2 enumerates all VBE modes and picks the best match for
   148                              <1> ; (FOREB_DEFAULT_WIDTH x FOREB_DEFAULT_HEIGHT x FOREB_DEFAULT_BPP), then walks
   149                              <1> ; the fallback chain below if unavailable, finally falling back to text 03h.
   150                              <1> %ifndef FOREB_DEFAULT_WIDTH
   151                              <1> %define FOREB_DEFAULT_WIDTH    1920
   152                              <1> %endif
   153                              <1> %ifndef FOREB_DEFAULT_HEIGHT
   154                              <1> %define FOREB_DEFAULT_HEIGHT   1080
   155                              <1> %endif
   156                              <1> %ifndef FOREB_DEFAULT_BPP
   157                              <1> %define FOREB_DEFAULT_BPP      32
   158                              <1> %endif
   159                              <1> 
   160                              <1> ; Text mode fallback (VGA INT 10h mode)
   161                              <1> %define VGA_TEXT_MODE          0x0003
   162                              <1> 
   163                              <1> ; Framebuffer-mode fallback chain. stage2 first tries the preferred
   164                              <1> ; FOREB_DEFAULT_* resolution; if the BIOS/VBE cannot provide it, it walks down
   165                              <1> ; to this smaller, near-universal linear mode before finally dropping to text
   166                              <1> ; 03h. These are additive tunables (a %ifndef override lets the build pick a
   167                              <1> ; different fallback); they do not change existing mode-selection logic.
   168                              <1> %ifndef FOREB_FB_FALLBACK_WIDTH
   169                              <1> %define FOREB_FB_FALLBACK_WIDTH   1024
   170                              <1> %endif
   171                              <1> %ifndef FOREB_FB_FALLBACK_HEIGHT
   172                              <1> %define FOREB_FB_FALLBACK_HEIGHT  768
   173                              <1> %endif
   174                              <1> %ifndef FOREB_FB_FALLBACK_BPP
   175                              <1> %define FOREB_FB_FALLBACK_BPP     32
   176                              <1> %endif
   177                              <1> ; Last-resort linear mode before text: 640x480, allowed BPP floor.
   178                              <1> %ifndef FOREB_FB_MIN_WIDTH
   179                              <1> %define FOREB_FB_MIN_WIDTH        640
   180                              <1> %endif
   181                              <1> %ifndef FOREB_FB_MIN_HEIGHT
   182                              <1> %define FOREB_FB_MIN_HEIGHT       480
   183                              <1> %endif
   184                              <1> %ifndef FOREB_FB_MIN_BPP
   185                              <1> %define FOREB_FB_MIN_BPP          16
   186                              <1> %endif
   187                              <1> 
   188                              <1> ; -----------------------------------------------------------------------------
   189                              <1> ; Serial debug (COM1) - proof-of-progress banners on the BIOS boot path
   190                              <1> ; -----------------------------------------------------------------------------
   191                              <1> ; When FOREB_SERIAL_DEBUG is non-zero, stage2/stage3 emit a short banner over
   192                              <1> ; COM1 (8N1) so `qemu ... -serial stdio` shows the loader is making progress.
   193                              <1> ; Default ON; override with -DFOREB_SERIAL_DEBUG=0 to silence.
   194                              <1> %ifndef FOREB_SERIAL_DEBUG
   195                              <1> %define FOREB_SERIAL_DEBUG     1
   196                              <1> %endif
   197                              <1> %ifndef FOREB_COM1_BASE
   198                              <1> %define FOREB_COM1_BASE        0x3F8       ; COM1 I/O port base
   199                              <1> %endif
   200                              <1> 
   201                              <1> ; -----------------------------------------------------------------------------
   202                              <1> ; Boot info struct address (ForeB's own rich structure)
   203                              <1> ; -----------------------------------------------------------------------------
   204                              <1> %ifndef BOOT_INFO_ADDRESS
   205                              <1> %define BOOT_INFO_ADDRESS      0x00001000  ; foreboots_boot_info
   206                              <1> %endif
   207                              <1> %ifndef FOREB_MMAP_ADDRESS
   208                              <1> %define FOREB_MMAP_ADDRESS     0x00001100  ; foreboots_mmap_entry[FOREB_MMAP_MAX]
   209                              <1> %endif
   210                              <1> %ifndef MB_MMAP_ADDRESS
   211                              <1> %define MB_MMAP_ADDRESS        0x00001400  ; multiboot1 mmap entries
   212                              <1> %endif
   213                              <1> %ifndef MULTIBOOT_INFO_ADDR
   214                              <1> %define MULTIBOOT_INFO_ADDR    0x00001800  ; multiboot_info_t (kernel handoff)
   215                              <1> %endif
   216                              <1> %ifndef FOREB_MMAP_MAX
   217                              <1> %define FOREB_MMAP_MAX         32          ; max E820 entries stored
   218                              <1> %endif
   219                              <1> 
   220                              <1> ; E820 scratch buffer (one entry, 32 bytes) for INT 15h E820 calls
   221                              <1> %ifndef E820_SCRATCH
   222                              <1> %define E820_SCRATCH           0x00000520
   223                              <1> %endif
   224                              <1> 
   225                              <1> ; -----------------------------------------------------------------------------
   226                              <1> ; Low-memory buffer layout
   227                              <1> ; -----------------------------------------------------------------------------
   228                              <1> %ifndef DAP_BUF
   229                              <1> %define DAP_BUF                0x00000500  ; Disk Address Packet (16 bytes)
   230                              <1> %endif
   231                              <1> ; LBA base offset for El Torito no-emulation CD boot.  Stage1 fills this
   232                              <1> ; dword with (boot_image_lba * 4) when a valid boot info table is detected,
   233                              <1> ; 0 for hard disk boot.  Stage2's disk_load adds it to every LBA read.
   234                              <1> %ifndef LBA_BASE_OFFSET
   235                              <1> %define LBA_BASE_OFFSET        0x00000510  ; dword: 512-byte sector offset (0=HDD)
   236                              <1> %endif
   237                              <1> ; El Torito boot info table field offsets (relative to boot image start)
   238                              <1> %define BTI_PVD_LBA            8           ; dword: PVD LBA in 2048-byte sectors
   239                              <1> %define BTI_BOOT_IMAGE_LBA     12          ; dword: boot image LBA (2048-byte)
   240                              <1> %define ISO9660_PVD_LBA        16          ; PVD is always at sector 16
   241                              <1> %ifndef VBEINFO_OFF
   242                              <1> %define VBEINFO_OFF            0x00002000  ; VBE controller info (512 bytes)
   243                              <1> %endif
   244                              <1> %ifndef VBEMODEINFO_OFF
   245                              <1> %define VBEMODEINFO_OFF        0x00002200  ; VBE mode info (256 bytes)
   246                              <1> %endif
   247                              <1> %ifndef PALETTE_BUF
   248                              <1> %define PALETTE_BUF            0x00002400  ; DAC palette (768 bytes)
   249                              <1> %endif
   250                              <1> 
   251                              <1> ; Stack for stage1 (grows down from 0x7C00)
   252                              <1> %ifndef STACK_TOP
   253                              <1> %define STACK_TOP              0x7C00
   254                              <1> %endif
   255                              <1> 
   256                              <1> ; -----------------------------------------------------------------------------
   257                              <1> ; Menu colors (8bpp palette indices; reprogrammed by stage2)
   258                              <1> ; -----------------------------------------------------------------------------
   259                              <1> %define FOREB_BG               16
   260                              <1> %define FOREB_PANEL            17
   261                              <1> %define FOREB_BORDER           18
   262                              <1> %define FOREB_SELECT           19
   263                              <1> %define FOREB_TITLE            20
   264                              <1> %define FOREB_TEXT             21
   265                              <1> %define FOREB_DIM              22
   266                              <1> %define FOREB_TIMER            23
   267                              <1> %define FOREB_WHITE            24
   268                              <1> %define FOREB_SHADOW           25
   269                              <1> %define FOREB_TREE1            26
   270                              <1> %define FOREB_TREE2            27
   271                              <1> %define FOREB_TREE3            28
   272                              <1> 
   273                              <1> ; Text-mode colors (VGA attribute, low nibble fg, high nibble bg)
   274                              <1> %define TEXT_ATTR_GREEN        0x0A
   275                              <1> %define TEXT_ATTR_LGREEN       0x0B
   276                              <1> %define TEXT_ATTR_WHITE        0x0F
   277                              <1> %define TEXT_ATTR_HIGHLIGHT    0x30        ; black on cyan
   278                              <1> 
   279                              <1> ; -----------------------------------------------------------------------------
   280                              <1> ; UI layout (pixels, designed for >= 800x600; clamped at runtime)
   281                              <1> ; -----------------------------------------------------------------------------
   282                              <1> %define MENU_X                 160
   283                              <1> %define MENU_Y                 160
   284                              <1> %define MENU_W                 480
   285                              <1> %define MENU_H                 300
   286                              <1> %define TITLE_X                200
   287                              <1> %define TITLE_Y                60
   288                              <1> %define TIMER_X                340
   289                              <1> %define TIMER_Y                480
   290                              <1> %define ENTRY_Y_START          240
   291                              <1> %define ENTRY_HEIGHT           32
   292                              <1> %define LOGO_X                 340
   293                              <1> %define LOGO_Y                 80
   294                              <1> 
   295                              <1> ; -----------------------------------------------------------------------------
   296                              <1> ; CPU / architecture detection
   297                              <1> ; -----------------------------------------------------------------------------
   298                              <1> ; If non-zero, stage3 will set up long mode itself and jump to a 64-bit entry.
   299                              <1> ; The current Forest OS kernel enters in 32-bit PM and does its own long-mode
   300                              <1> ; transition (see src/boot64.asm), so this defaults to 0 (disabled).
   301                              <1> %ifndef FOREB_FORCE_LONG_MODE
   302                              <1> %define FOREB_FORCE_LONG_MODE  0
   303                              <1> %endif
   304                              <1> 
   305                              <1> ; -----------------------------------------------------------------------------
   306                              <1> ; Magic values
   307                              <1> ; -----------------------------------------------------------------------------
   308                              <1> %define FOREB_BOOT_INFO_MAGIC  0x464F5242  ; "FORB"
   309                              <1> %define FOREB_BOOT_INFO_VER    0x00020000  ; v2.0
   310                              <1> 
   311                              <1> %define MULTIBOOT1_MAGIC       0x2BADB002  ; passed to kernel in EAX
   312                              <1> %define MULTIBOOT1_HEADER_MAGIC 0x1BADB002
   313                              <1> %define MULTIBOOT2_MAGIC       0x36d76289
   314                              <1> 
   315                              <1> ; Multiboot1 info flags
   316                              <1> %define MB_FLAG_MEM            0x00000001
   317                              <1> %define MB_FLAG_BOOT_DEVICE    0x00000002
   318                              <1> %define MB_FLAG_CMDLINE        0x00000004
   319                              <1> %define MB_FLAG_MODS           0x00000008
   320                              <1> %define MB_FLAG_MMAP           0x00000040
   321                              <1> %define MB_FLAG_BOOTLOADER     0x00000200
   322                              <1> %define MB_FLAG_FRAMEBUFFER    0x00001000
   323                              <1> 
   324                              <1> ; E820 memory types
   325                              <1> %define E820_USABLE            1
   326                              <1> %define E820_RESERVED          2
   327                              <1> %define E820_ACPI_RECLAIM      3
   328                              <1> %define E820_ACPI_NVS          4
   329                              <1> %define E820_BAD               5
   330                              <1> 
   331                              <1> ; VBE MemoryModel values
   332                              <1> %define VBE_MODEL_TEXT         0
   333                              <1> %define VBE_MODEL_CGA          1
   334                              <1> %define VBE_MODEL_HERCULES     2
   335                              <1> %define VBE_MODEL_PLANAR       3
   336                              <1> %define VBE_MODEL_PACKED       4
   337                              <1> %define VBE_MODEL_DIRECT       6
   338                              <1> %define VBE_MODEL_YUV          7
   339                              <1> 
   340                              <1> ; VBE ModeAttributes bits
   341                              <1> %define VBE_ATTR_SUPPORTED     0x0001
   342                              <1> %define VBE_ATTR_LFB           0x0080
   343                              <1> %define VBE_ATTR_GRAPHICS      0x0010
   344                              <1> 
   345                              <1> %define BIOS_VBE_LINEAR        0x4000
   346                              <1> 
   347                              <1> ; Keyboard scan codes
   348                              <1> %define KEY_UP                 0x48
   349                              <1> %define KEY_DOWN               0x50
   350                              <1> %define KEY_ENTER              0x1C
   351                              <1> %define KEY_ESCAPE             0x01
   352                              <1> 
   353                              <1> ; =============================================================================
   354                              <1> ; Structure: foreboots_boot_info  (ForeB's rich boot info, at BOOT_INFO_ADDRESS)
   355                              <1> ; Documented C layout in foreboots/README.md. Must stay in sync.
   356                              <1> ; =============================================================================
   357                              <1> struc foreboots_boot_info
   358 00000000 ????????            <1>     .magic              resd 1      ; FOREB_BOOT_INFO_MAGIC ("FORB")
   359 00000004 ????????            <1>     .version            resd 1      ; FOREB_BOOT_INFO_VER
   360 00000008 ????????            <1>     .flags              resd 1      ; FOREB_BIF_* below
   361 0000000C ????????            <1>     .boot_disk          resd 1      ; BIOS boot drive number (DL)
   362 00000010 ????????            <1>     .cmdline            resd 1      ; physical addr of cmdline string
   363 00000014 ????????            <1>     .boot_loader_name   resd 1      ; physical addr of bootloader name string
   364 00000018 ????????            <1>     .mem_lower          resd 1      ; KiB of usable memory below 1 MiB
   365 0000001C ????????            <1>     .mem_upper          resd 1      ; KiB of usable memory above 1 MiB
   366 00000020 ????????            <1>     .mmap_count         resd 1      ; number of valid entries at mmap_addr
   367 00000024 ????????            <1>     .mmap_addr          resd 1      ; physical addr of foreboots_mmap_entry[]
   368                              <1>     ; Framebuffer (filled when flags & FOREB_BIF_FRAMEBUFFER)
   369 00000028 ????????????????    <1>     .framebuffer_addr   resq 1      ; 64-bit physical LFB address (0 if text)
   370 00000030 ????????            <1>     .framebuffer_pitch  resd 1      ; bytes per scanline
   371 00000034 ????????            <1>     .framebuffer_width  resd 1
   372 00000038 ????????            <1>     .framebuffer_height resd 1
   373 0000003C ????????            <1>     .framebuffer_bpp    resd 1
   374 00000040 ????????            <1>     .framebuffer_type   resd 1      ; 0=indexed, 1=RGB, 2=EGA text
   375 00000044 ????                <1>     .vbe_mode           resw 1      ; VBE mode number set (0 if text)
   376 00000046 ????                <1>     .vbe_pad            resw 1
   377                              <1>     ; CPU capability detection
   378 00000048 ????????            <1>     .cpuid_available    resd 1
   379 0000004C ????????            <1>     .long_mode_available resd 1
   380 00000050 ????????            <1>     .pae_available      resd 1
   381                              <1>     ; Kernel image info (filled by stage2, used by stage3)
   382 00000054 ????????            <1>     .kernel_load_addr   resd 1      ; physical addr of raw ELF file buffer
   383 00000058 ????????            <1>     .kernel_size        resd 1      ; bytes loaded
   384 0000005C ????????            <1>     .kernel_entry       resd 1      ; ELF e_entry (physical, set by stage3)
   385 00000060 ????????            <1>     .kernel_is64bit     resd 1      ; 1 if ELF64, 0 if ELF32 (set by stage3)
   386                              <1>     ; Initrd
   387 00000064 ????????            <1>     .initrd_addr        resd 1      ; physical addr (0 if none)
   388 00000068 ????????            <1>     .initrd_size        resd 1
   389                              <1>     ; Selected boot entry index + mode flags
   390 0000006C ????????            <1>     .boot_entry         resd 1      ; ENTRY_* selected in menu
   391 00000070 ????????            <1>     .no_framebuffer     resd 1      ; 1 if text-mode boot requested
   392 00000074 ????????            <1>     .safe_mode          resd 1      ; 1 if safe-mode boot requested
   393                              <1>     ; Reserved for growth
   394 00000078 <res 20h>           <1>     .reserved           resd 8
   395                              <1> endstruc
   396                              <1> 
   397                              <1> ; foreboots_boot_info.flags bits
   398                              <1> %define FOREB_BIF_MMAP         0x00000001
   399                              <1> %define FOREB_BIF_FRAMEBUFFER  0x00000002
   400                              <1> %define FOREB_BIF_CMDLINE      0x00000004
   401                              <1> %define FOREB_BIF_LONG_MODE    0x00000008
   402                              <1> %define FOREB_BIF_CPUID        0x00000010
   403                              <1> %define FOREB_BIF_PAE          0x00000020
   404                              <1> %define FOREB_BIF_INITRD       0x00000040
   405                              <1> %define FOREB_BIF_NO_FB        0x00000080
   406                              <1> %define FOREB_BIF_SAFE         0x00000100
   407                              <1> ; Set by stage2 when it has already streamed every PT_LOAD segment to its
   408                              <1> ; physical address (arbitrary-size kernel loader). stage3 then skips its own
   409                              <1> ; in-memory ELF copy and jumps straight to boot_info.kernel_entry.
   410                              <1> %define FOREB_BIF_KERNEL_PRELOADED 0x00000200
   411                              <1> 
   412                              <1> ; =============================================================================
   413                              <1> ; Structure: foreboots_mmap_entry (ForeB's 64-bit-safe E820 entry, 24 bytes)
   414                              <1> ; =============================================================================
   415                              <1> struc foreboots_mmap_entry
   416 00000000 ????????????????    <1>     .base               resq 1      ; 64-bit base address
   417 00000008 ????????????????    <1>     .length             resq 1      ; 64-bit length
   418 00000010 ????????            <1>     .type               resd 1      ; E820 type (1=usable, 2=reserved, ...)
   419 00000014 ????????            <1>     .acpi               resd 1      ; ACPI 3.0 extended attributes
   420                              <1> endstruc
   421                              <1> 
   422                              <1> ; =============================================================================
   423                              <1> ; Structure: multiboot1 mmap entry (24 bytes, size field = 20)
   424                              <1> ; =============================================================================
   425                              <1> struc mb_mmap_entry
   426 00000000 ????????            <1>     .size               resd 1      ; = sizeof(entry) - 4 = 20
   427 00000004 ????????            <1>     .addr_low           resd 1
   428 00000008 ????????            <1>     .addr_high          resd 1
   429 0000000C ????????            <1>     .len_low            resd 1
   430 00000010 ????????            <1>     .len_high           resd 1
   431 00000014 ????????            <1>     .type               resd 1
   432                              <1> endstruc
   433                              <1> 
   434                              <1> ; =============================================================================
   435                              <1> ; Structure: multiboot1 info (passed to kernel in EBX) - matches kernel's
   436                              <1> ; src/include/multiboot.h multiboot_info_t
   437                              <1> ; =============================================================================
   438                              <1> struc mb_info
   439 00000000 ????????            <1>     .flags              resd 1
   440 00000004 ????????            <1>     .mem_lower          resd 1
   441 00000008 ????????            <1>     .mem_upper          resd 1
   442 0000000C ????????            <1>     .boot_device        resd 1
   443 00000010 ????????            <1>     .cmdline            resd 1
   444 00000014 ????????            <1>     .mods_count         resd 1
   445 00000018 ????????            <1>     .mods_addr          resd 1
   446 0000001C <res 10h>           <1>     .syms               resb 16
   447 0000002C ????????            <1>     .mmap_length        resd 1
   448 00000030 ????????            <1>     .mmap_addr          resd 1
   449 00000034 ????????            <1>     .drives_length      resd 1
   450 00000038 ????????            <1>     .drives_addr        resd 1
   451 0000003C ????????            <1>     .config_table       resd 1
   452 00000040 ????????            <1>     .boot_loader_name   resd 1
   453 00000044 ????????            <1>     .apm_table          resd 1
   454 00000048 ????????            <1>     .vbe_control_info   resd 1
   455 0000004C ????????            <1>     .vbe_mode_info      resd 1
   456 00000050 ????                <1>     .vbe_mode           resw 1
   457 00000052 ????                <1>     .vbe_interface_seg  resw 1
   458 00000054 ????                <1>     .vbe_interface_off  resw 1
   459 00000056 ????                <1>     .vbe_interface_len  resw 1
   460 00000058 ????????????????    <1>     .framebuffer_addr   resq 1      ; 64-bit
   461 00000060 ????????            <1>     .framebuffer_pitch  resd 1
   462 00000064 ????????            <1>     .framebuffer_width  resd 1
   463 00000068 ????????            <1>     .framebuffer_height resd 1
   464 0000006C ??                  <1>     .framebuffer_bpp    resb 1
   465 0000006D ??                  <1>     .framebuffer_type   resb 1
   466 0000006E ????                <1>     .framebuffer_color_info resw 1
   467                              <1> endstruc
   468                              <1> 
   469                              <1> ; =============================================================================
   470                              <1> ; Structure: multiboot1 module entry (for initrd)
   471                              <1> ; =============================================================================
   472                              <1> struc mb_module
   473 00000000 ????????            <1>     .mod_start          resd 1
   474 00000004 ????????            <1>     .mod_end            resd 1
   475 00000008 ????????            <1>     .string             resd 1
   476 0000000C ????????            <1>     .reserved           resd 1
   477                              <1> endstruc
   478                              <1> 
   479                              <1> ; Computed struct sizes (NASM struc does not auto-define a *_size symbol)
   480                              <1> %define foreboots_boot_info_size     152
   481                              <1> %define foreboots_mmap_entry_size    24
   482                              <1> %define mb_mmap_entry_size           24
   483                              <1> %define mb_info_size                 112
   484                              <1> %define mb_module_size               16
   485                              <1> 
   486                              <1> ; ELF constants (used by stage3)
   487                              <1> %define ELFCLASS32          1
   488                              <1> %define ELFCLASS64          2
   489                              <1> %define ELFDATA2LSB         1
   490                              <1> %define EM_386              3
   491                              <1> %define EM_X86_64           62
   492                              <1> %define PT_LOAD             1
   493                              <1> 
   494                              <1> %endif ; FOREB_CONFIG_H
    35                                  %include "forebo64.h"
     1                              <1> ; =============================================================================
     2                              <1> ; ForeB - Forest Bootloader
     3                              <1> ; forebo64.h (NASM include) - Extended macros & structures
     4                              <1> ; =============================================================================
     5                              <1> ; Include after config.h. Adds macros for:
     6                              <1> ;   - E820 memory map collection
     7                              <1> ;   - LBA disk read with CHS fallback
     8                              <1> ;   - CPUID / long-mode capability detection
     9                              <1> ;   - 64-bit GDT and long-mode trampoline helpers
    10                              <1> ;   - ELF header structures for stage3
    11                              <1> ;
    12                              <1> ; These extend the original macro library in forebo.h.
    13                              <1> 
    14                              <1> %ifndef FOREBO64_H
    15                              <1> %define FOREBO64_H
    16                              <1> 
    17                              <1> ; =============================================================================
    18                              <1> ; MACRO: serial_print  string_label
    19                              <1> ; Initialize COM1 (FOREB_COM1_BASE) to 8N1/115200 and print a NUL-terminated
    20                              <1> ; string via LSR (THRE) polling. Self-contained: re-runs the idempotent port
    21                              <1> ; init on each call so it works whether or not the port was set up earlier.
    22                              <1> ; Assembles correctly in both 16-bit real mode (stage2) and 32-bit protected
    23                              <1> ; mode (stage3) - the string pointer register width follows __BITS__, and the
    24                              <1> ; in/out port I/O is identical in either mode. The string must be reachable
    25                              <1> ; through DS (stage2: DS=stage2 segment; stage3: flat DS base 0).
    26                              <1> ; Preserves ALL general-purpose registers and flags.
    27                              <1> ; =============================================================================
    28                              <1> %macro serial_print 1
    29                              <1>     pushf
    30                              <1>     pusha
    31                              <1>     ; --- COM1 8N1, divisor 1 (115200 baud) ---
    32                              <1>     mov  dx, FOREB_COM1_BASE + 1        ; IER: disable interrupts
    33                              <1>     xor  al, al
    34                              <1>     out  dx, al
    35                              <1>     mov  dx, FOREB_COM1_BASE + 3        ; LCR: enable DLAB
    36                              <1>     mov  al, 0x80
    37                              <1>     out  dx, al
    38                              <1>     mov  dx, FOREB_COM1_BASE + 0        ; DLL = 1
    39                              <1>     mov  al, 0x01
    40                              <1>     out  dx, al
    41                              <1>     mov  dx, FOREB_COM1_BASE + 1        ; DLM = 0
    42                              <1>     xor  al, al
    43                              <1>     out  dx, al
    44                              <1>     mov  dx, FOREB_COM1_BASE + 3        ; LCR: 8N1, DLAB off
    45                              <1>     mov  al, 0x03
    46                              <1>     out  dx, al
    47                              <1>     mov  dx, FOREB_COM1_BASE + 2        ; FCR: enable+clear FIFO, 14-byte
    48                              <1>     mov  al, 0xC7
    49                              <1>     out  dx, al
    50                              <1>     mov  dx, FOREB_COM1_BASE + 4        ; MCR: DTR|RTS|OUT2
    51                              <1>     mov  al, 0x0B
    52                              <1>     out  dx, al
    53                              <1>     ; --- print loop ---
    54                              <1> %if __BITS__ == 16
    55                              <1>     mov  si, %1
    56                              <1> %else
    57                              <1>     mov  esi, %1
    58                              <1> %endif
    59                              <1> %%sp_next:
    60                              <1> %if __BITS__ == 16
    61                              <1>     mov  al, [si]
    62                              <1>     inc  si
    63                              <1> %else
    64                              <1>     mov  al, [esi]
    65                              <1>     inc  esi
    66                              <1> %endif
    67                              <1>     test al, al
    68                              <1>     jz   %%sp_done
    69                              <1>     mov  bl, al                         ; hold char while polling LSR
    70                              <1> %%sp_wait:
    71                              <1>     mov  dx, FOREB_COM1_BASE + 5        ; LSR
    72                              <1>     in   al, dx
    73                              <1>     test al, 0x20                       ; THRE (transmit holding empty)
    74                              <1>     jz   %%sp_wait
    75                              <1>     mov  al, bl
    76                              <1>     mov  dx, FOREB_COM1_BASE + 0        ; THR
    77                              <1>     out  dx, al
    78                              <1>     jmp  %%sp_next
    79                              <1> %%sp_done:
    80                              <1>     popa
    81                              <1>     popf
    82                              <1> %endmacro
    83                              <1> 
    84                              <1> ; =============================================================================
    85                              <1> ; MACRO: e820_collect
    86                              <1> ; Collect INT 15h E820 memory map into foreboots_mmap_entry array at
    87                              <1> ; FOREB_MMAP_ADDRESS. Stores up to FOREB_MMAP_MAX entries.
    88                              <1> ; On return:
    89                              <1> ;   [boot_info + foreboots_boot_info.mmap_count] = number of entries
    90                              <1> ;   [boot_info + foreboots_boot_info.mmap_addr]   = FOREB_MMAP_ADDRESS
    91                              <1> ; Clobbers: EAX, EBX, ECX, EDX, ESI, EDI, ES, flags
    92                              <1> ; Assumes DS=0 for the destination buffer (physical addresses).
    93                              <1> ; =============================================================================
    94                              <1> %macro e820_collect 0
    95                              <1>     push    ds
    96                              <1>     push    es
    97                              <1>     pushad                          ; preserve all regs; EBP = entry counter
    98                              <1>     xor     ax, ax
    99                              <1>     mov     ds, ax
   100                              <1>     mov     es, ax
   101                              <1>     mov     edi, FOREB_MMAP_ADDRESS ; ES:DI -> current foreboots_mmap_entry slot
   102                              <1>     xor     ebx, ebx                ; continuation value (0 = start)
   103                              <1>     xor     ebp, ebp                ; EBP = entry count (saved across int 0x15)
   104                              <1> %%e820_loop:
   105                              <1>     cmp     ebp, FOREB_MMAP_MAX
   106                              <1>     jae     %%e820_done             ; table full
   107                              <1>     mov     eax, 0x0000E820
   108                              <1>     mov     ecx, 24
   109                              <1>     mov     dword [es:edi + 20], 1  ; default ACPI attr = valid, in the DEST slot
   110                              <1>     mov     edx, 0x534D4150         ; 'SMAP'
   111                              <1>     ; INT 15h/E820 writes the entry straight to ES:DI (= this array slot). The
   112                              <1>     ; previous version pointed the BIOS at the array but then overwrote the slot
   113                              <1>     ; with an uninitialised scratch buffer, yielding a 0-byte memory map.
   114                              <1>     int     0x15
   115                              <1>     jc      %%e820_done             ; carry = end / error
   116                              <1>     cmp     eax, 0x534D4150         ; BIOS must return 'SMAP'
   117                              <1>     jne     %%e820_done
   118                              <1>     cmp     ecx, 20
   119                              <1>     jb      %%e820_next             ; entry too small; don't count it
   120                              <1>     inc     ebp
   121                              <1>     add     edi, foreboots_mmap_entry_size   ; advance to the next slot
   122                              <1> %%e820_next:
   123                              <1>     test    ebx, ebx
   124                              <1>     jz      %%e820_done
   125                              <1>     jmp     %%e820_loop
   126                              <1> 
   127                              <1> %%e820_done:
   128                              <1>     mov     [boot_info + foreboots_boot_info.mmap_count], ebp
   129                              <1>     mov     dword [boot_info + foreboots_boot_info.mmap_addr], FOREB_MMAP_ADDRESS
   130                              <1>     popad
   131                              <1>     pop     es
   132                              <1>     pop     ds
   133                              <1> %endmacro
   134                              <1> 
   135                              <1> ; =============================================================================
   136                              <1> ; MACRO: lba_read_one  drive_src
   137                              <1> ; Read ECX sectors (clamped to 63) from LBA EAX to physical address ESI using
   138                              <1> ; INT 13h AH=42h. Falls back to CHS (AH=02h, 1 sector at a time) if LBA
   139                              <1> ; extensions are unsupported by the BIOS.
   140                              <1> ;   EAX       = starting LBA
   141                              <1> ;   ECX       = sector count (clamped to 63 internally)
   142                              <1> ;   ESI       = physical destination address (seg:off derived as phys/16 : &0xF)
   143                              <1> ;   [drive_src] = memory location (DS=0 accessible) holding the BIOS drive byte
   144                              <1> ; On success CF=0; on failure CF=1. Preserves ALL caller registers.
   145                              <1> ; For reads larger than 63 sectors, call this in a loop (see stage2 disk_load).
   146                              <1> ; =============================================================================
   147                              <1> %macro lba_read_one 1
   148                              <1>     push    eax
   149                              <1>     push    ecx
   150                              <1>     push    edx
   151                              <1>     push    esi
   152                              <1>     push    edi
   153                              <1>     push    ebx
   154                              <1>     push    ebp
   155                              <1>     push    es
   156                              <1>     push    ds
   157                              <1>     xor     ax, ax
   158                              <1>     mov     ds, ax                      ; DS=0 for DAP / drive_src
   159                              <1>     ; Save LBA + count into the DAP first (before any INT 13h clobbers EAX)
   160                              <1>     mov     [DAP_BUF + 8], eax          ; LBA low
   161                              <1>     mov     dword [DAP_BUF + 12], 0     ; LBA high
   162                              <1>     mov     ebp, ecx                    ; EBP = sector count (preserve)
   163                              <1>     cmp     ebp, 63
   164                              <1>     jbe     %%lro_cnt_ok
   165                              <1>     mov     ebp, 63
   166                              <1> %%lro_cnt_ok:
   167                              <1>     ; Destination seg:off from ESI
   168                              <1>     mov     edx, esi
   169                              <1>     shr     edx, 4                      ; seg
   170                              <1>     mov     edi, esi
   171                              <1>     and     edi, 0x000F                 ; off
   172                              <1>     mov     word [DAP_BUF + 0], 0x0010
   173                              <1>     mov     [DAP_BUF + 4], di
   174                              <1>     mov     [DAP_BUF + 6], dx
   175                              <1>     ; Check LBA extensions support
   176                              <1>     mov     ah, 0x41
   177                              <1>     mov     bx, 0x55AA
   178                              <1>     mov     dl, [%1]
   179                              <1>     int     0x13
   180                              <1>     jc      %%lro_chs
   181                              <1>     cmp     bx, 0xAA55
   182                              <1>     jne     %%lro_chs
   183                              <1>     test    cl, 0x01
   184                              <1>     jz      %%lro_chs
   185                              <1>     ; --- LBA path: one INT 13h AH=42h call for all EBP sectors ---
   186                              <1>     mov     [DAP_BUF + 2], bp           ; count (word)
   187                              <1>     mov     si, DAP_BUF
   188                              <1>     mov     dl, [%1]
   189                              <1>     mov     ah, 0x42
   190                              <1>     int     0x13
   191                              <1>     jc      %%lro_fail
   192                              <1>     clc
   193                              <1>     jmp     %%lro_ret
   194                              <1>     ; --- CHS fallback: read EBP sectors, one per iteration ---
   195                              <1> %%lro_chs:
   196                              <1>     mov     [DAP_BUF + 2], bp           ; not used by CHS, keep for record
   197                              <1> %%lro_chs_loop:
   198                              <1>     test    ebp, ebp
   199                              <1>     jz      %%lro_ok
   200                              <1>     mov     eax, [DAP_BUF + 8]          ; current LBA
   201                              <1>     xor     edx, edx
   202                              <1>     mov     ecx, 63
   203                              <1>     div     ecx                         ; eax = LBA/63, edx = sector-1
   204                              <1>     inc     edx                         ; edx = sector
   205                              <1>     push    edx                         ; save sector
   206                              <1>     xor     edx, edx
   207                              <1>     mov     ecx, 16
   208                              <1>     div     ecx                         ; eax = cylinder, edx = head
   209                              <1>     push    edx                         ; save head
   210                              <1>     mov     ch, al                      ; CH = cyl low
   211                              <1>     mov     edx, eax
   212                              <1>     shr     edx, 8
   213                              <1>     and     edx, 0xC0                   ; high cyl bits
   214                              <1>     pop     eax                         ; head
   215                              <1>     mov     dh, al                      ; DH = head
   216                              <1>     pop     eax                         ; sector
   217                              <1>     mov     cl, al                      ; CL = sector (low 6 bits)
   218                              <1>     or      cl, dl                      ; CL |= high cyl bits
   219                              <1>     ; Buffer ES:BX from ESI
   220                              <1>     mov     eax, esi
   221                              <1>     shr     eax, 4                      ; seg
   222                              <1>     mov     edx, esi
   223                              <1>     and     edx, 0x0F                   ; off
   224                              <1>     push    es
   225                              <1>     mov     es, ax
   226                              <1>     mov     bx, dx                      ; BX = buffer offset
   227                              <1>     mov     dl, [%1]                    ; DL = drive (DH preserved)
   228                              <1>     mov     eax, 0x0201                 ; AH=02, AL=1 sector
   229                              <1>     int     0x13
   230                              <1>     pop     es
   231                              <1>     jc      %%lro_fail
   232                              <1>     inc     dword [DAP_BUF + 8]         ; LBA++
   233                              <1>     add     esi, 512                    ; dest += 512
   234                              <1>     dec     ebp
   235                              <1>     jmp     %%lro_chs_loop
   236                              <1> %%lro_ok:
   237                              <1>     clc
   238                              <1>     jmp     %%lro_ret
   239                              <1> %%lro_fail:
   240                              <1>     stc
   241                              <1> %%lro_ret:
   242                              <1>     pop     ds
   243                              <1>     pop     es
   244                              <1>     pop     ebp
   245                              <1>     pop     ebx
   246                              <1>     pop     edi
   247                              <1>     pop     esi
   248                              <1>     pop     edx
   249                              <1>     pop     ecx
   250                              <1>     pop     eax
   251                              <1> %endmacro
   252                              <1> 
   253                              <1> ; =============================================================================
   254                              <1> ; MACRO: detect_long_mode
   255                              <1> ; Detect CPUID and long-mode availability. Sets the cpuid_available,
   256                              <1> ; long_mode_available, pae_available fields in boot_info and the corresponding
   257                              <1> ; FOREB_BIF_* bits in flags. Falls back gracefully on 386/486.
   258                              <1> ; Clobbers: EAX, EBX, ECX, EDX, flags
   259                              <1> ; =============================================================================
   260                              <1> %macro detect_long_mode 0
   261                              <1>     push    ds
   262                              <1>     pushad
   263                              <1>     xor     ax, ax
   264                              <1>     mov     ds, ax                      ; DS=0 to access boot_info (physical 0x1000)
   265                              <1>     ; CPUID availability: flip ID bit (EFLAGS bit 21)
   266                              <1>     pushfd
   267                              <1>     pop     eax
   268                              <1>     mov     ecx, eax
   269                              <1>     xor     eax, 1 << 21
   270                              <1>     push    eax
   271                              <1>     popfd
   272                              <1>     pushfd
   273                              <1>     pop     eax
   274                              <1>     push    ecx
   275                              <1>     popfd
   276                              <1>     cmp     eax, ecx
   277                              <1>     je      %%no_cpuid
   278                              <1>     ; CPUID present
   279                              <1>     mov     dword [boot_info + foreboots_boot_info.cpuid_available], 1
   280                              <1>     or      dword [boot_info + foreboots_boot_info.flags], FOREB_BIF_CPUID
   281                              <1> 
   282                              <1>     ; PAE: CPUID(1) -> EDX bit 6
   283                              <1>     mov     eax, 1
   284                              <1>     cpuid
   285                              <1>     test    edx, 1 << 6
   286                              <1>     jz      %%no_pae
   287                              <1>     mov     dword [boot_info + foreboots_boot_info.pae_available], 1
   288                              <1>     or      dword [boot_info + foreboots_boot_info.flags], FOREB_BIF_PAE
   289                              <1> %%no_pae:
   290                              <1>     ; Extended CPUID for long mode: need 0x80000001
   291                              <1>     mov     eax, 0x80000000
   292                              <1>     cpuid
   293                              <1>     cmp     eax, 0x80000001
   294                              <1>     jb      %%done
   295                              <1>     mov     eax, 0x80000001
   296                              <1>     cpuid
   297                              <1>     test    edx, 1 << 29                 ; LM bit
   298                              <1>     jz      %%done
   299                              <1>     mov     dword [boot_info + foreboots_boot_info.long_mode_available], 1
   300                              <1>     or      dword [boot_info + foreboots_boot_info.flags], FOREB_BIF_LONG_MODE
   301                              <1>     jmp     %%done
   302                              <1> %%no_cpuid:
   303                              <1>     mov     dword [boot_info + foreboots_boot_info.cpuid_available], 0
   304                              <1>     mov     dword [boot_info + foreboots_boot_info.long_mode_available], 0
   305                              <1>     mov     dword [boot_info + foreboots_boot_info.pae_available], 0
   306                              <1> %%done:
   307                              <1>     popad
   308                              <1>     pop     ds
   309                              <1> %endmacro
   310                              <1> 
   311                              <1> ; =============================================================================
   312                              <1> ; Structure: ELF32 header (stage3 uses this to load the kernel)
   313                              <1> ; =============================================================================
   314                              <1> struc Elf32_Ehdr
   315 00000000 <res 10h>           <1>     .e_ident            resb 16
   316 00000010 ????                <1>     .e_type             resw 1
   317 00000012 ????                <1>     .e_machine          resw 1
   318 00000014 ????????            <1>     .e_version          resd 1
   319 00000018 ????????            <1>     .e_entry            resd 1
   320 0000001C ????????            <1>     .e_phoff            resd 1
   321 00000020 ????????            <1>     .e_shoff            resd 1
   322 00000024 ????????            <1>     .e_flags            resd 1
   323 00000028 ????                <1>     .e_ehsize           resw 1
   324 0000002A ????                <1>     .e_phentsize        resw 1
   325 0000002C ????                <1>     .e_phnum            resw 1
   326 0000002E ????                <1>     .e_shentsize        resw 1
   327 00000030 ????                <1>     .e_shnum            resw 1
   328 00000032 ????                <1>     .e_shstrndx         resw 1
   329                              <1> endstruc
   330                              <1> 
   331                              <1> struc Elf32_Phdr
   332 00000000 ????????            <1>     .p_type             resd 1
   333 00000004 ????????            <1>     .p_offset           resd 1
   334 00000008 ????????            <1>     .p_vaddr            resd 1
   335 0000000C ????????            <1>     .p_paddr            resd 1
   336 00000010 ????????            <1>     .p_filesz           resd 1
   337 00000014 ????????            <1>     .p_memsz            resd 1
   338 00000018 ????????            <1>     .p_flags            resd 1
   339 0000001C ????????            <1>     .p_align            resd 1
   340                              <1> endstruc
   341                              <1> 
   342                              <1> ; =============================================================================
   343                              <1> ; Structure: ELF64 header (stage3 uses this to load the 64-bit kernel)
   344                              <1> ; =============================================================================
   345                              <1> struc Elf64_Ehdr
   346 00000000 <res 10h>           <1>     .e_ident            resb 16
   347 00000010 ????                <1>     .e_type             resw 1
   348 00000012 ????                <1>     .e_machine          resw 1
   349 00000014 ????????            <1>     .e_version          resd 1
   350 00000018 ????????????????    <1>     .e_entry            resq 1
   351 00000020 ????????????????    <1>     .e_phoff            resq 1
   352 00000028 ????????????????    <1>     .e_shoff            resq 1
   353 00000030 ????????            <1>     .e_flags            resd 1
   354 00000034 ????                <1>     .e_ehsize           resw 1
   355 00000036 ????                <1>     .e_phentsize        resw 1
   356 00000038 ????                <1>     .e_phnum            resw 1
   357 0000003A ????                <1>     .e_shentsize        resw 1
   358 0000003C ????                <1>     .e_shnum            resw 1
   359 0000003E ????                <1>     .e_shstrndx         resw 1
   360                              <1> endstruc
   361                              <1> 
   362                              <1> struc Elf64_Phdr
   363 00000000 ????????            <1>     .p_type             resd 1
   364 00000004 ????????            <1>     .p_flags            resd 1
   365 00000008 ????????????????    <1>     .p_offset           resq 1
   366 00000010 ????????????????    <1>     .p_vaddr            resq 1
   367 00000018 ????????????????    <1>     .p_paddr            resq 1
   368 00000020 ????????????????    <1>     .p_filesz           resq 1
   369 00000028 ????????????????    <1>     .p_memsz            resq 1
   370 00000030 ????????????????    <1>     .p_align            resq 1
   371                              <1> endstruc
   372                              <1> 
   373                              <1> ; =============================================================================
   374                              <1> ; 64-bit GDT for the optional long-mode trampoline in stage3.
   375                              <1> ; Code: 0x00AF9A000000FFFF (L+DB+P+R/W/exec, 64-bit)
   376                              <1> ; Data: 0x00CF92000000FFFF (G+DB+P+R/W, flat 4GB)
   377                              <1> ; =============================================================================
   378                              <1> %macro GDT64_ENTRIES 0
   379                              <1> gdt64_start:
   380                              <1>     dq  0x0000000000000000              ; null
   381                              <1> gdt64_code: equ $ - gdt64_start
   382                              <1>     dq  0x00AF9A000000FFFF              ; 64-bit code
   383                              <1> gdt64_data: equ $ - gdt64_start
   384                              <1>     dq  0x00CF92000000FFFF              ; 64-bit data (compatibility)
   385                              <1> gdt64_end:
   386                              <1> %endmacro
   387                              <1> 
   388                              <1> %endif ; FOREBO64_H
    36                                  
    37                                  [ORG STAGE3_LOAD_PHYS]
    38                                  
    39                                  ; =============================================================================
    40                                  ; Entry
    41                                  ; =============================================================================
    42                                  stage3_start:
    43 00000000 89F5                        mov  ebp, esi                    ; EBP = foreboots_boot_info*
    44 00000002 89FB                        mov  ebx, edi                    ; EBX = multiboot_info_t* (handoff in EBX)
    45                                  
    46                                      ; --- If stage2 already streamed the kernel to its PT_LOAD segments
    47                                      ;     (arbitrary-size loader), skip ELF parsing and jump straight to the
    48                                      ;     recorded entry point. ---
    49 00000004 F7450800020000              test dword [ebp + foreboots_boot_info.flags], FOREB_BIF_KERNEL_PRELOADED
    50 0000000B 7408                        jz   .parse_elf
    51 0000000D 8B455C                      mov  eax, [ebp + foreboots_boot_info.kernel_entry]
    52 00000010 E953010000                  jmp  .elf_loaded
    53                                  .parse_elf:
    54                                  
    55                                      ; --- Load kernel ELF base ---
    56 00000015 8B7554                      mov  esi, [ebp + foreboots_boot_info.kernel_load_addr]
    57                                  
    58                                      ; --- ELF magic check: 0x7F 'E' 'L' 'F' ---
    59 00000018 813E7F454C46                cmp  dword [esi + 0], 0x464C457F
    60 0000001E 0F8529010000                jne  .not_elf
    61 00000024 8A4604                      mov  al, [esi + 4]               ; EI_CLASS
    62 00000027 3C01                        cmp  al, ELFCLASS32
    63 00000029 740D                        je   .elf32
    64 0000002B 3C02                        cmp  al, ELFCLASS64
    65 0000002D 0F8491000000                je   .elf64
    66 00000033 E915010000                  jmp  .not_elf
    67                                  
    68                                  ; -----------------------------------------------------------------------------
    69                                  ; ELF32 program-header load
    70                                  ; -----------------------------------------------------------------------------
    71                                  .elf32:
    72 00000038 8935[D0010000]              mov  [s3_elfbase], esi
    73 0000003E 0FB74E2C                    movzx ecx, word [esi + Elf32_Ehdr.e_phnum]
    74 00000042 890D[D8010000]              mov  [s3_count], ecx
    75 00000048 0FB7462A                    movzx eax, word [esi + Elf32_Ehdr.e_phentsize]
    76 0000004C A3[DC010000]                mov  [s3_entsize], eax
    77 00000051 8B461C                      mov  eax, [esi + Elf32_Ehdr.e_phoff]
    78 00000054 01F0                        add  eax, esi
    79 00000056 A3[D4010000]                mov  [s3_phdr], eax
    80                                  .ph32_loop:
    81 0000005B 8B0D[D8010000]              mov  ecx, [s3_count]
    82 00000061 85C9                        test ecx, ecx
    83 00000063 744A                        jz   .ph32_done
    84 00000065 8B3D[D4010000]              mov  edi, [s3_phdr]
    85 0000006B 833F01                      cmp  dword [edi + Elf32_Phdr.p_type], PT_LOAD
    86 0000006E 7527                        jne  .ph32_next
    87                                      ; source = elfbase + p_offset
    88 00000070 8B35[D0010000]              mov  esi, [s3_elfbase]
    89 00000076 037704                      add  esi, [edi + Elf32_Phdr.p_offset]
    90                                      ; dest = p_paddr, count = p_filesz
    91 00000079 8B470C                      mov  eax, [edi + Elf32_Phdr.p_paddr]
    92 0000007C 8B4F10                      mov  ecx, [edi + Elf32_Phdr.p_filesz]
    93 0000007F 89FA                        mov  edx, edi                    ; save phdr pointer
    94 00000081 89C7                        mov  edi, eax                    ; dest
    95 00000083 F3A4                        rep  movsb                       ; copy file bytes
    96                                      ; zero-fill BSS (p_memsz - p_filesz)
    97 00000085 8B4A14                      mov  ecx, [edx + Elf32_Phdr.p_memsz]
    98 00000088 2B4A10                      sub  ecx, [edx + Elf32_Phdr.p_filesz]
    99 0000008B 760A                        jbe  .ph32_nobss
   100 0000008D 8B7A0C                      mov  edi, [edx + Elf32_Phdr.p_paddr]
   101 00000090 037A10                      add  edi, [edx + Elf32_Phdr.p_filesz]
   102 00000093 31C0                        xor  eax, eax
   103 00000095 F3AA                        rep  stosb
   104                                  .ph32_nobss:
   105                                  .ph32_next:
   106 00000097 A1[D4010000]                mov  eax, [s3_phdr]
   107 0000009C 0305[DC010000]              add  eax, [s3_entsize]
   108 000000A2 A3[D4010000]                mov  [s3_phdr], eax
   109 000000A7 FF0D[D8010000]              dec  dword [s3_count]
   110 000000AD EBAC                        jmp  .ph32_loop
   111                                  .ph32_done:
   112 000000AF 8B35[D0010000]              mov  esi, [s3_elfbase]
   113 000000B5 8B4618                      mov  eax, [esi + Elf32_Ehdr.e_entry]
   114 000000B8 C7456000000000              mov  dword [ebp + foreboots_boot_info.kernel_is64bit], 0
   115 000000BF E9A4000000                  jmp  .elf_loaded
   116                                  
   117                                  ; -----------------------------------------------------------------------------
   118                                  ; ELF64 program-header load (uses low 32 bits; Forest OS kernel is below 4 GB)
   119                                  ; -----------------------------------------------------------------------------
   120                                  .elf64:
   121 000000C4 8935[D0010000]              mov  [s3_elfbase], esi
   122 000000CA 0FB74E38                    movzx ecx, word [esi + Elf64_Ehdr.e_phnum]
   123 000000CE 890D[D8010000]              mov  [s3_count], ecx
   124 000000D4 0FB74636                    movzx eax, word [esi + Elf64_Ehdr.e_phentsize]
   125 000000D8 A3[DC010000]                mov  [s3_entsize], eax
   126 000000DD 8B4620                      mov  eax, [esi + Elf64_Ehdr.e_phoff]
   127 000000E0 01F0                        add  eax, esi
   128 000000E2 A3[D4010000]                mov  [s3_phdr], eax
   129                                  .ph64_loop:
   130 000000E7 8B0D[D8010000]              mov  ecx, [s3_count]
   131 000000ED 85C9                        test ecx, ecx
   132 000000EF 744A                        jz   .ph64_done
   133 000000F1 8B3D[D4010000]              mov  edi, [s3_phdr]
   134 000000F7 833F01                      cmp  dword [edi + Elf64_Phdr.p_type], PT_LOAD
   135 000000FA 7527                        jne  .ph64_next
   136 000000FC 8B35[D0010000]              mov  esi, [s3_elfbase]
   137 00000102 037708                      add  esi, [edi + Elf64_Phdr.p_offset]
   138 00000105 8B4718                      mov  eax, [edi + Elf64_Phdr.p_paddr]
   139 00000108 8B4F20                      mov  ecx, [edi + Elf64_Phdr.p_filesz]
   140 0000010B 89FA                        mov  edx, edi
   141 0000010D 89C7                        mov  edi, eax
   142 0000010F F3A4                        rep  movsb
   143 00000111 8B4A28                      mov  ecx, [edx + Elf64_Phdr.p_memsz]
   144 00000114 2B4A20                      sub  ecx, [edx + Elf64_Phdr.p_filesz]
   145 00000117 760A                        jbe  .ph64_nobss
   146 00000119 8B7A18                      mov  edi, [edx + Elf64_Phdr.p_paddr]
   147 0000011C 037A20                      add  edi, [edx + Elf64_Phdr.p_filesz]
   148 0000011F 31C0                        xor  eax, eax
   149 00000121 F3AA                        rep  stosb
   150                                  .ph64_nobss:
   151                                  .ph64_next:
   152 00000123 A1[D4010000]                mov  eax, [s3_phdr]
   153 00000128 0305[DC010000]              add  eax, [s3_entsize]
   154 0000012E A3[D4010000]                mov  [s3_phdr], eax
   155 00000133 FF0D[D8010000]              dec  dword [s3_count]
   156 00000139 EBAC                        jmp  .ph64_loop
   157                                  .ph64_done:
   158 0000013B 8B35[D0010000]              mov  esi, [s3_elfbase]
   159 00000141 8B4618                      mov  eax, [esi + Elf64_Ehdr.e_entry]
   160 00000144 C7456001000000              mov  dword [ebp + foreboots_boot_info.kernel_is64bit], 1
   161 0000014B EB1B                        jmp  .elf_loaded
   162                                  
   163                                  ; -----------------------------------------------------------------------------
   164                                  ; Not an ELF: treat as a flat raw binary. Copy it to 0x100000 and enter there.
   165                                  ; -----------------------------------------------------------------------------
   166                                  .not_elf:
   167 0000014D 8B7554                      mov  esi, [ebp + foreboots_boot_info.kernel_load_addr]
   168 00000150 BF00001000                  mov  edi, 0x00100000
   169 00000155 8B4D58                      mov  ecx, [ebp + foreboots_boot_info.kernel_size]
   170 00000158 89CA                        mov  edx, ecx
   171 0000015A F3A4                        rep  movsb
   172 0000015C B800001000                  mov  eax, 0x00100000
   173 00000161 C7456000000000              mov  dword [ebp + foreboots_boot_info.kernel_is64bit], 0
   174                                  
   175                                  ; -----------------------------------------------------------------------------
   176                                  ; ELF loaded; EAX = kernel entry point. Hand off to the kernel.
   177                                  ; -----------------------------------------------------------------------------
   178                                  .elf_loaded:
   179 00000168 89455C                      mov  [ebp + foreboots_boot_info.kernel_entry], eax
   180                                  
   181                                  %if FOREB_SERIAL_DEBUG
   182                                      serial_print str_serial_stage3   ; proof-of-progress just before kernel jump
    29 0000016B 9C                  <1>  pushf
    30 0000016C 60                  <1>  pusha
    31                              <1> 
    32 0000016D 66BAF903            <1>  mov dx, FOREB_COM1_BASE + 1
    33 00000171 30C0                <1>  xor al, al
    34 00000173 EE                  <1>  out dx, al
    35 00000174 66BAFB03            <1>  mov dx, FOREB_COM1_BASE + 3
    36 00000178 B080                <1>  mov al, 0x80
    37 0000017A EE                  <1>  out dx, al
    38 0000017B 66BAF803            <1>  mov dx, FOREB_COM1_BASE + 0
    39 0000017F B001                <1>  mov al, 0x01
    40 00000181 EE                  <1>  out dx, al
    41 00000182 66BAF903            <1>  mov dx, FOREB_COM1_BASE + 1
    42 00000186 30C0                <1>  xor al, al
    43 00000188 EE                  <1>  out dx, al
    44 00000189 66BAFB03            <1>  mov dx, FOREB_COM1_BASE + 3
    45 0000018D B003                <1>  mov al, 0x03
    46 0000018F EE                  <1>  out dx, al
    47 00000190 66BAFA03            <1>  mov dx, FOREB_COM1_BASE + 2
    48 00000194 B0C7                <1>  mov al, 0xC7
    49 00000196 EE                  <1>  out dx, al
    50 00000197 66BAFC03            <1>  mov dx, FOREB_COM1_BASE + 4
    51 0000019B B00B                <1>  mov al, 0x0B
    52 0000019D EE                  <1>  out dx, al
    53                              <1> 
    54                              <1> %if __BITS__ == 16
    55                              <1>  mov si, %1
    56                              <1> %else
    57 0000019E BE[E0010000]        <1>  mov esi, %1
    58                              <1> %endif
    59                              <1> %%sp_next:
    60                              <1> %if __BITS__ == 16
    61                              <1>  mov al, [si]
    62                              <1>  inc si
    63                              <1> %else
    64 000001A3 8A06                <1>  mov al, [esi]
    65 000001A5 46                  <1>  inc esi
    66                              <1> %endif
    67 000001A6 84C0                <1>  test al, al
    68 000001A8 7414                <1>  jz %%sp_done
    69 000001AA 88C3                <1>  mov bl, al
    70                              <1> %%sp_wait:
    71 000001AC 66BAFD03            <1>  mov dx, FOREB_COM1_BASE + 5
    72 000001B0 EC                  <1>  in al, dx
    73 000001B1 A820                <1>  test al, 0x20
    74 000001B3 74F7                <1>  jz %%sp_wait
    75 000001B5 88D8                <1>  mov al, bl
    76 000001B7 66BAF803            <1>  mov dx, FOREB_COM1_BASE + 0
    77 000001BB EE                  <1>  out dx, al
    78 000001BC EBE5                <1>  jmp %%sp_next
    79                              <1> %%sp_done:
    80 000001BE 61                  <1>  popa
    81 000001BF 9D                  <1>  popf
   183                                  %endif
   184                                  
   185                                  %if FOREB_FORCE_LONG_MODE
   186                                      ; Optional long-mode trampoline. Only if the CPU supports long mode AND
   187                                      ; the kernel is 64-bit ELF. Otherwise fall through to 32-bit PM entry.
   188                                      cmp  dword [ebp + foreboots_boot_info.long_mode_available], 0
   189                                      je   .handoff32
   190                                      cmp  dword [ebp + foreboots_boot_info.kernel_is64bit], 0
   191                                      je   .handoff32
   192                                      jmp  enter_long_mode
   193                                  .handoff32:
   194                                  %endif
   195                                  
   196                                      ; --- Default 32-bit protected-mode handoff (GRUB-compatible) ---
   197                                      ; Mask every PIC IRQ before handoff, exactly as GRUB does. The kernel's
   198                                      ; early entry does `sti` with only a page-fault handler installed, so a
   199                                      ; live BIOS timer IRQ (IRQ0) would fault into an empty IDT and triple-fault
   200                                      ; before it can program the PIC/IDT itself.
   201 000001C0 B0FF                        mov  al, 0xFF
   202 000001C2 E6A1                        out  0xA1, al                    ; mask all slave  PIC (IRQ 8..15)
   203 000001C4 E621                        out  0x21, al                    ; mask all master PIC (IRQ 0..7)
   204                                      ; EAX = MULTIBOOT1_MAGIC, EBX = &multiboot_info_t, EIP = kernel entry
   205 000001C6 B802B0AD2B                  mov  eax, MULTIBOOT1_MAGIC
   206                                      ; EBX already holds multiboot_info_t*
   207 000001CB FF655C                      jmp  dword [ebp + foreboots_boot_info.kernel_entry]
   208                                  
   209                                  ; =============================================================================
   210                                  ; Optional long-mode trampoline (assembled only when FOREB_FORCE_LONG_MODE=1).
   211                                  ; Identity-maps the low 2 MiB (enough to reach the kernel at 0x100000), enables
   212                                  ; PAE + long mode, loads a 64-bit GDT, and jumps to the kernel entry in 64-bit
   213                                  ; mode. Page tables are built at 0x10000 (the kernel file buffer, now unused).
   214                                  ; =============================================================================
   215                                  %if FOREB_FORCE_LONG_MODE
   216                                  enter_long_mode:
   217                                      ; Build PML4 at 0x10000, PDPT at 0x11000, PD at 0x12000 (the kernel file
   218                                      ; buffer is no longer needed after ELF parsing).
   219                                      mov  dword [0x10000], 0x11000 | 0x03       ; PML4[0] -> PDPT (P|W)
   220                                      mov  dword [0x10004], 0
   221                                      mov  dword [0x11000], 0x12000 | 0x03       ; PDPT[0] -> PD (P|W)
   222                                      mov  dword [0x11004], 0
   223                                      mov  dword [0x12000], 0x00000083           ; PD[0] -> 2 MiB page @0 (P|W|PS)
   224                                      mov  dword [0x12004], 0
   225                                      mov  eax, 0x10000
   226                                      mov  cr3, eax                              ; load CR3
   227                                      mov  eax, cr4
   228                                      or   eax, 1 << 5                           ; CR4.PAE
   229                                      mov  cr4, eax
   230                                      mov  ecx, 0xC0000080                       ; EFER
   231                                      rdmsr
   232                                      or   eax, 1 << 8                           ; EFER.LME
   233                                      wrmsr
   234                                      mov  eax, cr0
   235                                      or   eax, 1 << 31                          ; CR0.PG -> activate long mode
   236                                      mov  cr0, eax
   237                                      ; Far-jump to the kernel entry via the 64-bit code segment. The CPU enters
   238                                      ; 64-bit mode at the entry point. EAX = magic, EBX = multiboot_info.
   239                                      lgdt [gdt64_desc]
   240                                      mov  eax, MULTIBOOT1_MAGIC                 ; EAX = 0x2BADB002
   241                                      ; EBX already holds multiboot_info_t*
   242                                      mov  edx, [ebp + foreboots_boot_info.kernel_entry]
   243                                      push dword gdt64_code
   244                                      push edx
   245                                      retf                                       ; -> gdt64_code:entry (64-bit)
   246                                  
   247                                  align 8
   248                                  GDT64_ENTRIES
   249                                  gdt64_desc:
   250                                      dw  gdt64_end - gdt64_start - 1
   251                                      dd  gdt64_start
   252                                  %endif
   253                                  
   254                                  ; =============================================================================
   255                                  ; Data
   256                                  ; =============================================================================
   257 000001CE 90<rep 2h>              align 4
   258 000001D0 00000000                s3_elfbase:  dd 0
   259 000001D4 00000000                s3_phdr:     dd 0
   260 000001D8 00000000                s3_count:    dd 0
   261 000001DC 00000000                s3_entsize:  dd 0
   262                                  
   263                                  %if FOREB_SERIAL_DEBUG
   264 000001E0 5B466F7265425D2073-     str_serial_stage3: db "[ForeB] stage3: handoff -> kernel (32-bit PM)", 0x0D, 0x0A, 0
   264 000001E9 74616765333A206861-
   264 000001F2 6E646F6666202D3E20-
   264 000001FB 6B65726E656C202833-
   264 00000204 322D62697420504D29-
   264 0000020D 0D0A00             
   265                                  %endif
   266                                  
   267                                  ; =============================================================================
   268                                  ; Size assertion
   269                                  ; =============================================================================
   270                                  stage3_end:
   271                                  
   272                                  %if (stage3_end - stage3_start) > (STAGE3_SECTOR_COUNT * 512)
   273                                      %error "stage3.asm exceeds maximum size!"
   274                                  %endif
   275                                  
   276 00000210 00<rep 1DF0h>           times (STAGE3_SECTOR_COUNT * 512) - (stage3_end - stage3_start) db 0
